{"timestamp":"2025-08-04T16:28:51.958592","level":"info","event":"DAG bundles loaded: dags-folder, example_dags","logger":"airflow.dag_processing.bundles.manager.DagBundlesManager"}
{"timestamp":"2025-08-04T16:28:51.959556","level":"info","event":"Filling up the DagBag from /opt/airflow/dags/test_dag.py","logger":"airflow.models.dagbag.DagBag"}
{"timestamp":"2025-08-04T16:28:52.094703Z","level":"info","event":"Task instance is in running state","chan":"stdout","logger":"task"}
{"timestamp":"2025-08-04T16:28:52.098144Z","level":"info","event":" Previous state of the Task instance: TaskInstanceState.QUEUED","chan":"stdout","logger":"task"}
{"timestamp":"2025-08-04T16:28:52.099842Z","level":"info","event":"Current task name:load_aqi_data","chan":"stdout","logger":"task"}
{"timestamp":"2025-08-04T16:28:52.102154Z","level":"info","event":"Dag name:aqi_data_dag","chan":"stdout","logger":"task"}
{"timestamp":"2025-08-04T16:28:52.984151Z","level":"info","event":"            cityname aqi                 time","chan":"stdout","logger":"task"}
{"timestamp":"2025-08-04T16:28:52.985596Z","level":"info","event":"0  Shankapark, Nepal  79  2025-08-04 21:00:00","chan":"stdout","logger":"task"}
{"timestamp":"2025-08-04T16:28:52.989881Z","level":"info","event":"            cityname aqi                 time","chan":"stdout","logger":"task"}
{"timestamp":"2025-08-04T16:28:52.991388Z","level":"info","event":"0  Shankapark, Nepal  79  2025-08-04 21:00:00","chan":"stdout","logger":"task"}
{"timestamp":"2025-08-04T16:28:52.992022Z","level":"info","event":"1     Hetauda, Nepal  26  2025-08-04 21:00:00","chan":"stdout","logger":"task"}
{"timestamp":"2025-08-04T16:28:52.994486Z","level":"info","event":"                            cityname aqi                 time","chan":"stdout","logger":"task"}
{"timestamp":"2025-08-04T16:28:52.997806Z","level":"info","event":"0                  Shankapark, Nepal  79  2025-08-04 21:00:00","chan":"stdout","logger":"task"}
{"timestamp":"2025-08-04T16:28:52.998533Z","level":"info","event":"1                     Hetauda, Nepal  26  2025-08-04 21:00:00","chan":"stdout","logger":"task"}
{"timestamp":"2025-08-04T16:28:52.999166Z","level":"info","event":"2  Birendra School, Bhaktapur, Nepal  20  2025-08-04 21:00:00","chan":"stdout","logger":"task"}
{"timestamp":"2025-08-04T16:28:53.000346Z","level":"info","event":"                            cityname aqi                 time","chan":"stdout","logger":"task"}
{"timestamp":"2025-08-04T16:28:53.001880Z","level":"info","event":"0                  Shankapark, Nepal  79  2025-08-04 21:00:00","chan":"stdout","logger":"task"}
{"timestamp":"2025-08-04T16:28:53.004546Z","level":"info","event":"1                     Hetauda, Nepal  26  2025-08-04 21:00:00","chan":"stdout","logger":"task"}
{"timestamp":"2025-08-04T16:28:53.006402Z","level":"info","event":"2  Birendra School, Bhaktapur, Nepal  20  2025-08-04 21:00:00","chan":"stdout","logger":"task"}
{"timestamp":"2025-08-04T16:28:53.008417Z","level":"info","event":"3                   Dhangadhi, Nepal  15  2025-08-04 21:00:00","chan":"stdout","logger":"task"}
{"timestamp":"2025-08-04T16:28:53.010233Z","level":"info","event":"                            cityname aqi                 time","chan":"stdout","logger":"task"}
{"timestamp":"2025-08-04T16:28:53.011274Z","level":"info","event":"0                  Shankapark, Nepal  79  2025-08-04 21:00:00","chan":"stdout","logger":"task"}
{"timestamp":"2025-08-04T16:28:53.011923Z","level":"info","event":"1                     Hetauda, Nepal  26  2025-08-04 21:00:00","chan":"stdout","logger":"task"}
{"timestamp":"2025-08-04T16:28:53.012564Z","level":"info","event":"2  Birendra School, Bhaktapur, Nepal  20  2025-08-04 21:00:00","chan":"stdout","logger":"task"}
{"timestamp":"2025-08-04T16:28:53.013402Z","level":"info","event":"3                   Dhangadhi, Nepal  15  2025-08-04 21:00:00","chan":"stdout","logger":"task"}
{"timestamp":"2025-08-04T16:28:53.014181Z","level":"info","event":"4                   Khumaltar, Nepal  10  2025-08-04 21:00:00","chan":"stdout","logger":"task"}
{"timestamp":"2025-08-04T16:28:53.015031Z","level":"info","event":"                            cityname aqi                 time","chan":"stdout","logger":"task"}
{"timestamp":"2025-08-04T16:28:53.015920Z","level":"info","event":"0                  Shankapark, Nepal  79  2025-08-04 21:00:00","chan":"stdout","logger":"task"}
{"timestamp":"2025-08-04T16:28:53.016839Z","level":"info","event":"1                     Hetauda, Nepal  26  2025-08-04 21:00:00","chan":"stdout","logger":"task"}
{"timestamp":"2025-08-04T16:28:53.017390Z","level":"info","event":"2  Birendra School, Bhaktapur, Nepal  20  2025-08-04 21:00:00","chan":"stdout","logger":"task"}
{"timestamp":"2025-08-04T16:28:53.017960Z","level":"info","event":"3                   Dhangadhi, Nepal  15  2025-08-04 21:00:00","chan":"stdout","logger":"task"}
{"timestamp":"2025-08-04T16:28:53.018535Z","level":"info","event":"4                   Khumaltar, Nepal  10  2025-08-04 21:00:00","chan":"stdout","logger":"task"}
{"timestamp":"2025-08-04T16:28:53.019162Z","level":"info","event":"5                   Nepalgunj, Nepal  10  2025-08-04 21:00:00","chan":"stdout","logger":"task"}
{"timestamp":"2025-08-04T16:28:53.019740Z","level":"info","event":"                            cityname aqi                 time","chan":"stdout","logger":"task"}
{"timestamp":"2025-08-04T16:28:53.020466Z","level":"info","event":"0                  Shankapark, Nepal  79  2025-08-04 21:00:00","chan":"stdout","logger":"task"}
{"timestamp":"2025-08-04T16:28:53.021487Z","level":"info","event":"1                     Hetauda, Nepal  26  2025-08-04 21:00:00","chan":"stdout","logger":"task"}
{"timestamp":"2025-08-04T16:28:53.022145Z","level":"info","event":"2  Birendra School, Bhaktapur, Nepal  20  2025-08-04 21:00:00","chan":"stdout","logger":"task"}
{"timestamp":"2025-08-04T16:28:53.022661Z","level":"info","event":"3                   Dhangadhi, Nepal  15  2025-08-04 21:00:00","chan":"stdout","logger":"task"}
{"timestamp":"2025-08-04T16:28:53.023373Z","level":"info","event":"4                   Khumaltar, Nepal  10  2025-08-04 21:00:00","chan":"stdout","logger":"task"}
{"timestamp":"2025-08-04T16:28:53.023991Z","level":"info","event":"5                   Nepalgunj, Nepal  10  2025-08-04 21:00:00","chan":"stdout","logger":"task"}
{"timestamp":"2025-08-04T16:28:53.024550Z","level":"info","event":"6                    GBS, Pkr, Nepal   -  2025-07-09 16:00:00","chan":"stdout","logger":"task"}
{"timestamp":"2025-08-04T16:28:53.025937Z","level":"info","event":"                            cityname aqi                 time","chan":"stdout","logger":"task"}
{"timestamp":"2025-08-04T16:28:53.026439Z","level":"info","event":"0                  Shankapark, Nepal  79  2025-08-04 21:00:00","chan":"stdout","logger":"task"}
{"timestamp":"2025-08-04T16:28:53.027332Z","level":"info","event":"1                     Hetauda, Nepal  26  2025-08-04 21:00:00","chan":"stdout","logger":"task"}
{"timestamp":"2025-08-04T16:28:53.027915Z","level":"info","event":"2  Birendra School, Bhaktapur, Nepal  20  2025-08-04 21:00:00","chan":"stdout","logger":"task"}
{"timestamp":"2025-08-04T16:28:53.028543Z","level":"info","event":"3                   Dhangadhi, Nepal  15  2025-08-04 21:00:00","chan":"stdout","logger":"task"}
{"timestamp":"2025-08-04T16:28:53.029150Z","level":"info","event":"4                   Khumaltar, Nepal  10  2025-08-04 21:00:00","chan":"stdout","logger":"task"}
{"timestamp":"2025-08-04T16:28:53.029933Z","level":"info","event":"5                   Nepalgunj, Nepal  10  2025-08-04 21:00:00","chan":"stdout","logger":"task"}
{"timestamp":"2025-08-04T16:28:53.030426Z","level":"info","event":"6                    GBS, Pkr, Nepal   -  2025-07-09 16:00:00","chan":"stdout","logger":"task"}
{"timestamp":"2025-08-04T16:28:53.031038Z","level":"info","event":"7             Bhaisipati, KTM, Nepal   -  2025-06-22 19:00:00","chan":"stdout","logger":"task"}
{"timestamp":"2025-08-04T16:28:53.031839Z","level":"info","event":"                            cityname aqi                 time","chan":"stdout","logger":"task"}
{"timestamp":"2025-08-04T16:28:53.032408Z","level":"info","event":"0                  Shankapark, Nepal  79  2025-08-04 21:00:00","chan":"stdout","logger":"task"}
{"timestamp":"2025-08-04T16:28:53.033229Z","level":"info","event":"1                     Hetauda, Nepal  26  2025-08-04 21:00:00","chan":"stdout","logger":"task"}
{"timestamp":"2025-08-04T16:28:53.033966Z","level":"info","event":"2  Birendra School, Bhaktapur, Nepal  20  2025-08-04 21:00:00","chan":"stdout","logger":"task"}
{"timestamp":"2025-08-04T16:28:53.034580Z","level":"info","event":"3                   Dhangadhi, Nepal  15  2025-08-04 21:00:00","chan":"stdout","logger":"task"}
{"timestamp":"2025-08-04T16:28:53.035120Z","level":"info","event":"4                   Khumaltar, Nepal  10  2025-08-04 21:00:00","chan":"stdout","logger":"task"}
{"timestamp":"2025-08-04T16:28:53.035809Z","level":"info","event":"5                   Nepalgunj, Nepal  10  2025-08-04 21:00:00","chan":"stdout","logger":"task"}
{"timestamp":"2025-08-04T16:28:53.036383Z","level":"info","event":"6                    GBS, Pkr, Nepal   -  2025-07-09 16:00:00","chan":"stdout","logger":"task"}
{"timestamp":"2025-08-04T16:28:53.037051Z","level":"info","event":"7             Bhaisipati, KTM, Nepal   -  2025-06-22 19:00:00","chan":"stdout","logger":"task"}
{"timestamp":"2025-08-04T16:28:53.037602Z","level":"info","event":"8                    Janakpur, Nepal   -  2025-04-14 19:46:00","chan":"stdout","logger":"task"}
{"timestamp":"2025-08-04T16:28:53.038178Z","level":"info","event":"                            cityname aqi                 time","chan":"stdout","logger":"task"}
{"timestamp":"2025-08-04T16:28:53.038743Z","level":"info","event":"0                  Shankapark, Nepal  79  2025-08-04 21:00:00","chan":"stdout","logger":"task"}
{"timestamp":"2025-08-04T16:28:53.039312Z","level":"info","event":"1                     Hetauda, Nepal  26  2025-08-04 21:00:00","chan":"stdout","logger":"task"}
{"timestamp":"2025-08-04T16:28:53.039871Z","level":"info","event":"2  Birendra School, Bhaktapur, Nepal  20  2025-08-04 21:00:00","chan":"stdout","logger":"task"}
{"timestamp":"2025-08-04T16:28:53.040399Z","level":"info","event":"3                   Dhangadhi, Nepal  15  2025-08-04 21:00:00","chan":"stdout","logger":"task"}
{"timestamp":"2025-08-04T16:28:53.042993Z","level":"info","event":"4                   Khumaltar, Nepal  10  2025-08-04 21:00:00","chan":"stdout","logger":"task"}
{"timestamp":"2025-08-04T16:28:53.044805Z","level":"info","event":"5                   Nepalgunj, Nepal  10  2025-08-04 21:00:00","chan":"stdout","logger":"task"}
{"timestamp":"2025-08-04T16:28:53.045346Z","level":"info","event":"6                    GBS, Pkr, Nepal   -  2025-07-09 16:00:00","chan":"stdout","logger":"task"}
{"timestamp":"2025-08-04T16:28:53.045935Z","level":"info","event":"7             Bhaisipati, KTM, Nepal   -  2025-06-22 19:00:00","chan":"stdout","logger":"task"}
{"timestamp":"2025-08-04T16:28:53.046474Z","level":"info","event":"8                    Janakpur, Nepal   -  2025-04-14 19:46:00","chan":"stdout","logger":"task"}
{"timestamp":"2025-08-04T16:28:53.047105Z","level":"info","event":"9                    Dhankuta, Nepal   -  2025-03-15 02:00:00","chan":"stdout","logger":"task"}
{"timestamp":"2025-08-04T16:28:53.047777Z","level":"info","event":"                             cityname aqi                 time","chan":"stdout","logger":"task"}
{"timestamp":"2025-08-04T16:28:53.048439Z","level":"info","event":"0                   Shankapark, Nepal  79  2025-08-04 21:00:00","chan":"stdout","logger":"task"}
{"timestamp":"2025-08-04T16:28:53.049244Z","level":"info","event":"1                      Hetauda, Nepal  26  2025-08-04 21:00:00","chan":"stdout","logger":"task"}
{"timestamp":"2025-08-04T16:28:53.049795Z","level":"info","event":"2   Birendra School, Bhaktapur, Nepal  20  2025-08-04 21:00:00","chan":"stdout","logger":"task"}
{"timestamp":"2025-08-04T16:28:53.050374Z","level":"info","event":"3                    Dhangadhi, Nepal  15  2025-08-04 21:00:00","chan":"stdout","logger":"task"}
{"timestamp":"2025-08-04T16:28:53.050985Z","level":"info","event":"4                    Khumaltar, Nepal  10  2025-08-04 21:00:00","chan":"stdout","logger":"task"}
{"timestamp":"2025-08-04T16:28:53.051642Z","level":"info","event":"5                    Nepalgunj, Nepal  10  2025-08-04 21:00:00","chan":"stdout","logger":"task"}
{"timestamp":"2025-08-04T16:28:53.052296Z","level":"info","event":"6                     GBS, Pkr, Nepal   -  2025-07-09 16:00:00","chan":"stdout","logger":"task"}
{"timestamp":"2025-08-04T16:28:53.052834Z","level":"info","event":"7              Bhaisipati, KTM, Nepal   -  2025-06-22 19:00:00","chan":"stdout","logger":"task"}
{"timestamp":"2025-08-04T16:28:53.053534Z","level":"info","event":"8                     Janakpur, Nepal   -  2025-04-14 19:46:00","chan":"stdout","logger":"task"}
{"timestamp":"2025-08-04T16:28:53.054205Z","level":"info","event":"9                     Dhankuta, Nepal   -  2025-03-15 02:00:00","chan":"stdout","logger":"task"}
{"timestamp":"2025-08-04T16:28:53.054880Z","level":"info","event":"10            Dhulikhel, Kavre, Nepal   -  2025-03-12 09:00:00","chan":"stdout","logger":"task"}
{"timestamp":"2025-08-04T16:28:53.055553Z","level":"info","event":"                             cityname aqi                 time","chan":"stdout","logger":"task"}
{"timestamp":"2025-08-04T16:28:53.056024Z","level":"info","event":"0                   Shankapark, Nepal  79  2025-08-04 21:00:00","chan":"stdout","logger":"task"}
{"timestamp":"2025-08-04T16:28:53.057137Z","level":"info","event":"1                      Hetauda, Nepal  26  2025-08-04 21:00:00","chan":"stdout","logger":"task"}
{"timestamp":"2025-08-04T16:28:53.057698Z","level":"info","event":"2   Birendra School, Bhaktapur, Nepal  20  2025-08-04 21:00:00","chan":"stdout","logger":"task"}
{"timestamp":"2025-08-04T16:28:53.058316Z","level":"info","event":"3                    Dhangadhi, Nepal  15  2025-08-04 21:00:00","chan":"stdout","logger":"task"}
{"timestamp":"2025-08-04T16:28:53.059120Z","level":"info","event":"4                    Khumaltar, Nepal  10  2025-08-04 21:00:00","chan":"stdout","logger":"task"}
{"timestamp":"2025-08-04T16:28:53.059667Z","level":"info","event":"5                    Nepalgunj, Nepal  10  2025-08-04 21:00:00","chan":"stdout","logger":"task"}
{"timestamp":"2025-08-04T16:28:53.060320Z","level":"info","event":"6                     GBS, Pkr, Nepal   -  2025-07-09 16:00:00","chan":"stdout","logger":"task"}
{"timestamp":"2025-08-04T16:28:53.060853Z","level":"info","event":"7              Bhaisipati, KTM, Nepal   -  2025-06-22 19:00:00","chan":"stdout","logger":"task"}
{"timestamp":"2025-08-04T16:28:53.061696Z","level":"info","event":"8                     Janakpur, Nepal   -  2025-04-14 19:46:00","chan":"stdout","logger":"task"}
{"timestamp":"2025-08-04T16:28:53.062173Z","level":"info","event":"9                     Dhankuta, Nepal   -  2025-03-15 02:00:00","chan":"stdout","logger":"task"}
{"timestamp":"2025-08-04T16:28:53.062732Z","level":"info","event":"10            Dhulikhel, Kavre, Nepal   -  2025-03-12 09:00:00","chan":"stdout","logger":"task"}
{"timestamp":"2025-08-04T16:28:53.063521Z","level":"info","event":"11       US Embassy, Kathmandu, Nepal   -  2025-03-04 17:00:00","chan":"stdout","logger":"task"}
{"timestamp":"2025-08-04T16:28:53.064077Z","level":"info","event":"                                      cityname aqi                 time","chan":"stdout","logger":"task"}
{"timestamp":"2025-08-04T16:28:53.064812Z","level":"info","event":"0                            Shankapark, Nepal  79  2025-08-04 21:00:00","chan":"stdout","logger":"task"}
{"timestamp":"2025-08-04T16:28:53.065492Z","level":"info","event":"1                               Hetauda, Nepal  26  2025-08-04 21:00:00","chan":"stdout","logger":"task"}
{"timestamp":"2025-08-04T16:28:53.066207Z","level":"info","event":"2            Birendra School, Bhaktapur, Nepal  20  2025-08-04 21:00:00","chan":"stdout","logger":"task"}
{"timestamp":"2025-08-04T16:28:53.066959Z","level":"info","event":"3                             Dhangadhi, Nepal  15  2025-08-04 21:00:00","chan":"stdout","logger":"task"}
{"timestamp":"2025-08-04T16:28:53.067689Z","level":"info","event":"4                             Khumaltar, Nepal  10  2025-08-04 21:00:00","chan":"stdout","logger":"task"}
{"timestamp":"2025-08-04T16:28:53.068539Z","level":"info","event":"5                             Nepalgunj, Nepal  10  2025-08-04 21:00:00","chan":"stdout","logger":"task"}
{"timestamp":"2025-08-04T16:28:53.069250Z","level":"info","event":"6                              GBS, Pkr, Nepal   -  2025-07-09 16:00:00","chan":"stdout","logger":"task"}
{"timestamp":"2025-08-04T16:28:53.069968Z","level":"info","event":"7                       Bhaisipati, KTM, Nepal   -  2025-06-22 19:00:00","chan":"stdout","logger":"task"}
{"timestamp":"2025-08-04T16:28:53.070649Z","level":"info","event":"8                              Janakpur, Nepal   -  2025-04-14 19:46:00","chan":"stdout","logger":"task"}
{"timestamp":"2025-08-04T16:28:53.071287Z","level":"info","event":"9                              Dhankuta, Nepal   -  2025-03-15 02:00:00","chan":"stdout","logger":"task"}
{"timestamp":"2025-08-04T16:28:53.071747Z","level":"info","event":"10                     Dhulikhel, Kavre, Nepal   -  2025-03-12 09:00:00","chan":"stdout","logger":"task"}
{"timestamp":"2025-08-04T16:28:53.072221Z","level":"info","event":"11                US Embassy, Kathmandu, Nepal   -  2025-03-04 17:00:00","chan":"stdout","logger":"task"}
{"timestamp":"2025-08-04T16:28:53.072760Z","level":"info","event":"12  US Embassy, Phora Durbar, Kathmandu, Nepal   -  2025-03-04 16:00:00","chan":"stdout","logger":"task"}
{"timestamp":"2025-08-04T16:28:53.073488Z","level":"info","event":"                                      cityname aqi                 time","chan":"stdout","logger":"task"}
{"timestamp":"2025-08-04T16:28:53.074127Z","level":"info","event":"0                            Shankapark, Nepal  79  2025-08-04 21:00:00","chan":"stdout","logger":"task"}
{"timestamp":"2025-08-04T16:28:53.074728Z","level":"info","event":"1                               Hetauda, Nepal  26  2025-08-04 21:00:00","chan":"stdout","logger":"task"}
{"timestamp":"2025-08-04T16:28:53.075438Z","level":"info","event":"2            Birendra School, Bhaktapur, Nepal  20  2025-08-04 21:00:00","chan":"stdout","logger":"task"}
{"timestamp":"2025-08-04T16:28:53.076407Z","level":"info","event":"3                             Dhangadhi, Nepal  15  2025-08-04 21:00:00","chan":"stdout","logger":"task"}
{"timestamp":"2025-08-04T16:28:53.077127Z","level":"info","event":"4                             Khumaltar, Nepal  10  2025-08-04 21:00:00","chan":"stdout","logger":"task"}
{"timestamp":"2025-08-04T16:28:53.078032Z","level":"info","event":"5                             Nepalgunj, Nepal  10  2025-08-04 21:00:00","chan":"stdout","logger":"task"}
{"timestamp":"2025-08-04T16:28:53.078571Z","level":"info","event":"6                              GBS, Pkr, Nepal   -  2025-07-09 16:00:00","chan":"stdout","logger":"task"}
{"timestamp":"2025-08-04T16:28:53.079097Z","level":"info","event":"7                       Bhaisipati, KTM, Nepal   -  2025-06-22 19:00:00","chan":"stdout","logger":"task"}
{"timestamp":"2025-08-04T16:28:53.079617Z","level":"info","event":"8                              Janakpur, Nepal   -  2025-04-14 19:46:00","chan":"stdout","logger":"task"}
{"timestamp":"2025-08-04T16:28:53.080237Z","level":"info","event":"9                              Dhankuta, Nepal   -  2025-03-15 02:00:00","chan":"stdout","logger":"task"}
{"timestamp":"2025-08-04T16:28:53.080881Z","level":"info","event":"10                     Dhulikhel, Kavre, Nepal   -  2025-03-12 09:00:00","chan":"stdout","logger":"task"}
{"timestamp":"2025-08-04T16:28:53.081553Z","level":"info","event":"11                US Embassy, Kathmandu, Nepal   -  2025-03-04 17:00:00","chan":"stdout","logger":"task"}
{"timestamp":"2025-08-04T16:28:53.082092Z","level":"info","event":"12  US Embassy, Phora Durbar, Kathmandu, Nepal   -  2025-03-04 16:00:00","chan":"stdout","logger":"task"}
{"timestamp":"2025-08-04T16:28:53.082736Z","level":"info","event":"13            Bhimdatta (Mahendranagar), Nepal   -  2024-12-14 21:00:00","chan":"stdout","logger":"task"}
{"timestamp":"2025-08-04T16:28:53.083353Z","level":"info","event":"                                      cityname aqi                 time","chan":"stdout","logger":"task"}
{"timestamp":"2025-08-04T16:28:53.083861Z","level":"info","event":"0                            Shankapark, Nepal  79  2025-08-04 21:00:00","chan":"stdout","logger":"task"}
{"timestamp":"2025-08-04T16:28:53.084251Z","level":"info","event":"1                               Hetauda, Nepal  26  2025-08-04 21:00:00","chan":"stdout","logger":"task"}
{"timestamp":"2025-08-04T16:28:53.084787Z","level":"info","event":"2            Birendra School, Bhaktapur, Nepal  20  2025-08-04 21:00:00","chan":"stdout","logger":"task"}
{"timestamp":"2025-08-04T16:28:53.085412Z","level":"info","event":"3                             Dhangadhi, Nepal  15  2025-08-04 21:00:00","chan":"stdout","logger":"task"}
{"timestamp":"2025-08-04T16:28:53.086097Z","level":"info","event":"4                             Khumaltar, Nepal  10  2025-08-04 21:00:00","chan":"stdout","logger":"task"}
{"timestamp":"2025-08-04T16:28:53.086624Z","level":"info","event":"5                             Nepalgunj, Nepal  10  2025-08-04 21:00:00","chan":"stdout","logger":"task"}
{"timestamp":"2025-08-04T16:28:53.087130Z","level":"info","event":"6                              GBS, Pkr, Nepal   -  2025-07-09 16:00:00","chan":"stdout","logger":"task"}
{"timestamp":"2025-08-04T16:28:53.087772Z","level":"info","event":"7                       Bhaisipati, KTM, Nepal   -  2025-06-22 19:00:00","chan":"stdout","logger":"task"}
{"timestamp":"2025-08-04T16:28:53.088348Z","level":"info","event":"8                              Janakpur, Nepal   -  2025-04-14 19:46:00","chan":"stdout","logger":"task"}
{"timestamp":"2025-08-04T16:28:53.088998Z","level":"info","event":"9                              Dhankuta, Nepal   -  2025-03-15 02:00:00","chan":"stdout","logger":"task"}
{"timestamp":"2025-08-04T16:28:53.089581Z","level":"info","event":"10                     Dhulikhel, Kavre, Nepal   -  2025-03-12 09:00:00","chan":"stdout","logger":"task"}
{"timestamp":"2025-08-04T16:28:53.090160Z","level":"info","event":"11                US Embassy, Kathmandu, Nepal   -  2025-03-04 17:00:00","chan":"stdout","logger":"task"}
{"timestamp":"2025-08-04T16:28:53.090823Z","level":"info","event":"12  US Embassy, Phora Durbar, Kathmandu, Nepal   -  2025-03-04 16:00:00","chan":"stdout","logger":"task"}
{"timestamp":"2025-08-04T16:28:53.091562Z","level":"info","event":"13            Bhimdatta (Mahendranagar), Nepal   -  2024-12-14 21:00:00","chan":"stdout","logger":"task"}
{"timestamp":"2025-08-04T16:28:53.092177Z","level":"info","event":"14                          TU Kritipur, Nepal   -  2024-08-14 19:00:00","chan":"stdout","logger":"task"}
{"timestamp":"2025-08-04T16:28:53.092838Z","level":"info","event":"                                      cityname aqi                 time","chan":"stdout","logger":"task"}
{"timestamp":"2025-08-04T16:28:53.093578Z","level":"info","event":"0                            Shankapark, Nepal  79  2025-08-04 21:00:00","chan":"stdout","logger":"task"}
{"timestamp":"2025-08-04T16:28:53.094212Z","level":"info","event":"1                               Hetauda, Nepal  26  2025-08-04 21:00:00","chan":"stdout","logger":"task"}
{"timestamp":"2025-08-04T16:28:53.094694Z","level":"info","event":"2            Birendra School, Bhaktapur, Nepal  20  2025-08-04 21:00:00","chan":"stdout","logger":"task"}
{"timestamp":"2025-08-04T16:28:53.095091Z","level":"info","event":"3                             Dhangadhi, Nepal  15  2025-08-04 21:00:00","chan":"stdout","logger":"task"}
{"timestamp":"2025-08-04T16:28:53.095421Z","level":"info","event":"4                             Khumaltar, Nepal  10  2025-08-04 21:00:00","chan":"stdout","logger":"task"}
{"timestamp":"2025-08-04T16:28:53.095712Z","level":"info","event":"5                             Nepalgunj, Nepal  10  2025-08-04 21:00:00","chan":"stdout","logger":"task"}
{"timestamp":"2025-08-04T16:28:53.096090Z","level":"info","event":"6                              GBS, Pkr, Nepal   -  2025-07-09 16:00:00","chan":"stdout","logger":"task"}
{"timestamp":"2025-08-04T16:28:53.096538Z","level":"info","event":"7                       Bhaisipati, KTM, Nepal   -  2025-06-22 19:00:00","chan":"stdout","logger":"task"}
{"timestamp":"2025-08-04T16:28:53.097252Z","level":"info","event":"8                              Janakpur, Nepal   -  2025-04-14 19:46:00","chan":"stdout","logger":"task"}
{"timestamp":"2025-08-04T16:28:53.097883Z","level":"info","event":"9                              Dhankuta, Nepal   -  2025-03-15 02:00:00","chan":"stdout","logger":"task"}
{"timestamp":"2025-08-04T16:28:53.098486Z","level":"info","event":"10                     Dhulikhel, Kavre, Nepal   -  2025-03-12 09:00:00","chan":"stdout","logger":"task"}
{"timestamp":"2025-08-04T16:28:53.098941Z","level":"info","event":"11                US Embassy, Kathmandu, Nepal   -  2025-03-04 17:00:00","chan":"stdout","logger":"task"}
{"timestamp":"2025-08-04T16:28:53.099415Z","level":"info","event":"12  US Embassy, Phora Durbar, Kathmandu, Nepal   -  2025-03-04 16:00:00","chan":"stdout","logger":"task"}
{"timestamp":"2025-08-04T16:28:53.099942Z","level":"info","event":"13            Bhimdatta (Mahendranagar), Nepal   -  2024-12-14 21:00:00","chan":"stdout","logger":"task"}
{"timestamp":"2025-08-04T16:28:53.100493Z","level":"info","event":"14                          TU Kritipur, Nepal   -  2024-08-14 19:00:00","chan":"stdout","logger":"task"}
{"timestamp":"2025-08-04T16:28:53.101040Z","level":"info","event":"15                 Ratnapark, Kathmandu, Nepal   -  2024-04-30 15:00:00","chan":"stdout","logger":"task"}
{"timestamp":"2025-08-04T16:28:53.101696Z","level":"info","event":"                                      cityname aqi                 time","chan":"stdout","logger":"task"}
{"timestamp":"2025-08-04T16:28:53.102209Z","level":"info","event":"0                            Shankapark, Nepal  79  2025-08-04 21:00:00","chan":"stdout","logger":"task"}
{"timestamp":"2025-08-04T16:28:53.102862Z","level":"info","event":"1                               Hetauda, Nepal  26  2025-08-04 21:00:00","chan":"stdout","logger":"task"}
{"timestamp":"2025-08-04T16:28:53.103533Z","level":"info","event":"2            Birendra School, Bhaktapur, Nepal  20  2025-08-04 21:00:00","chan":"stdout","logger":"task"}
{"timestamp":"2025-08-04T16:28:53.104173Z","level":"info","event":"3                             Dhangadhi, Nepal  15  2025-08-04 21:00:00","chan":"stdout","logger":"task"}
{"timestamp":"2025-08-04T16:28:53.104816Z","level":"info","event":"4                             Khumaltar, Nepal  10  2025-08-04 21:00:00","chan":"stdout","logger":"task"}
{"timestamp":"2025-08-04T16:28:53.105338Z","level":"info","event":"5                             Nepalgunj, Nepal  10  2025-08-04 21:00:00","chan":"stdout","logger":"task"}
{"timestamp":"2025-08-04T16:28:53.105816Z","level":"info","event":"6                              GBS, Pkr, Nepal   -  2025-07-09 16:00:00","chan":"stdout","logger":"task"}
{"timestamp":"2025-08-04T16:28:53.106618Z","level":"info","event":"7                       Bhaisipati, KTM, Nepal   -  2025-06-22 19:00:00","chan":"stdout","logger":"task"}
{"timestamp":"2025-08-04T16:28:53.107394Z","level":"info","event":"8                              Janakpur, Nepal   -  2025-04-14 19:46:00","chan":"stdout","logger":"task"}
{"timestamp":"2025-08-04T16:28:53.108129Z","level":"info","event":"9                              Dhankuta, Nepal   -  2025-03-15 02:00:00","chan":"stdout","logger":"task"}
{"timestamp":"2025-08-04T16:28:53.108835Z","level":"info","event":"10                     Dhulikhel, Kavre, Nepal   -  2025-03-12 09:00:00","chan":"stdout","logger":"task"}
{"timestamp":"2025-08-04T16:28:53.109468Z","level":"info","event":"11                US Embassy, Kathmandu, Nepal   -  2025-03-04 17:00:00","chan":"stdout","logger":"task"}
{"timestamp":"2025-08-04T16:28:53.110382Z","level":"info","event":"12  US Embassy, Phora Durbar, Kathmandu, Nepal   -  2025-03-04 16:00:00","chan":"stdout","logger":"task"}
{"timestamp":"2025-08-04T16:28:53.111051Z","level":"info","event":"13            Bhimdatta (Mahendranagar), Nepal   -  2024-12-14 21:00:00","chan":"stdout","logger":"task"}
{"timestamp":"2025-08-04T16:28:53.111654Z","level":"info","event":"14                          TU Kritipur, Nepal   -  2024-08-14 19:00:00","chan":"stdout","logger":"task"}
{"timestamp":"2025-08-04T16:28:53.112328Z","level":"info","event":"15                 Ratnapark, Kathmandu, Nepal   -  2024-04-30 15:00:00","chan":"stdout","logger":"task"}
{"timestamp":"2025-08-04T16:28:53.113009Z","level":"info","event":"16                      Jhumka, Sunsari, Nepal   -  2022-05-25 07:00:00","chan":"stdout","logger":"task"}
{"timestamp":"2025-08-04T16:28:53.113659Z","level":"info","event":"                                      cityname aqi                 time","chan":"stdout","logger":"task"}
{"timestamp":"2025-08-04T16:28:53.114325Z","level":"info","event":"0                            Shankapark, Nepal  79  2025-08-04 21:00:00","chan":"stdout","logger":"task"}
{"timestamp":"2025-08-04T16:28:53.114991Z","level":"info","event":"1                               Hetauda, Nepal  26  2025-08-04 21:00:00","chan":"stdout","logger":"task"}
{"timestamp":"2025-08-04T16:28:53.115531Z","level":"info","event":"2            Birendra School, Bhaktapur, Nepal  20  2025-08-04 21:00:00","chan":"stdout","logger":"task"}
{"timestamp":"2025-08-04T16:28:53.116086Z","level":"info","event":"3                             Dhangadhi, Nepal  15  2025-08-04 21:00:00","chan":"stdout","logger":"task"}
{"timestamp":"2025-08-04T16:28:53.117055Z","level":"info","event":"4                             Khumaltar, Nepal  10  2025-08-04 21:00:00","chan":"stdout","logger":"task"}
{"timestamp":"2025-08-04T16:28:53.117668Z","level":"info","event":"5                             Nepalgunj, Nepal  10  2025-08-04 21:00:00","chan":"stdout","logger":"task"}
{"timestamp":"2025-08-04T16:28:53.118244Z","level":"info","event":"6                              GBS, Pkr, Nepal   -  2025-07-09 16:00:00","chan":"stdout","logger":"task"}
{"timestamp":"2025-08-04T16:28:53.118777Z","level":"info","event":"7                       Bhaisipati, KTM, Nepal   -  2025-06-22 19:00:00","chan":"stdout","logger":"task"}
{"timestamp":"2025-08-04T16:28:53.119592Z","level":"info","event":"8                              Janakpur, Nepal   -  2025-04-14 19:46:00","chan":"stdout","logger":"task"}
{"timestamp":"2025-08-04T16:28:53.120394Z","level":"info","event":"9                              Dhankuta, Nepal   -  2025-03-15 02:00:00","chan":"stdout","logger":"task"}
{"timestamp":"2025-08-04T16:28:53.122460Z","level":"info","event":"10                     Dhulikhel, Kavre, Nepal   -  2025-03-12 09:00:00","chan":"stdout","logger":"task"}
{"timestamp":"2025-08-04T16:28:53.123248Z","level":"info","event":"11                US Embassy, Kathmandu, Nepal   -  2025-03-04 17:00:00","chan":"stdout","logger":"task"}
{"timestamp":"2025-08-04T16:28:53.123934Z","level":"info","event":"12  US Embassy, Phora Durbar, Kathmandu, Nepal   -  2025-03-04 16:00:00","chan":"stdout","logger":"task"}
{"timestamp":"2025-08-04T16:28:53.124603Z","level":"info","event":"13            Bhimdatta (Mahendranagar), Nepal   -  2024-12-14 21:00:00","chan":"stdout","logger":"task"}
{"timestamp":"2025-08-04T16:28:53.125316Z","level":"info","event":"14                          TU Kritipur, Nepal   -  2024-08-14 19:00:00","chan":"stdout","logger":"task"}
{"timestamp":"2025-08-04T16:28:53.126116Z","level":"info","event":"15                 Ratnapark, Kathmandu, Nepal   -  2024-04-30 15:00:00","chan":"stdout","logger":"task"}
{"timestamp":"2025-08-04T16:28:53.127432Z","level":"info","event":"16                      Jhumka, Sunsari, Nepal   -  2022-05-25 07:00:00","chan":"stdout","logger":"task"}
{"timestamp":"2025-08-04T16:28:53.128086Z","level":"info","event":"17                           Biratnagar, Nepal   -  2022-05-25 07:00:00","chan":"stdout","logger":"task"}
{"timestamp":"2025-08-04T16:28:53.128812Z","level":"info","event":"                                      cityname aqi                 time","chan":"stdout","logger":"task"}
{"timestamp":"2025-08-04T16:28:53.129497Z","level":"info","event":"0                            Shankapark, Nepal  79  2025-08-04 21:00:00","chan":"stdout","logger":"task"}
{"timestamp":"2025-08-04T16:28:53.130025Z","level":"info","event":"1                               Hetauda, Nepal  26  2025-08-04 21:00:00","chan":"stdout","logger":"task"}
{"timestamp":"2025-08-04T16:28:53.079904","level":"info","event":"Done. Returned value was: None","logger":"airflow.task.operators.airflow.providers.standard.operators.python.PythonOperator"}
{"timestamp":"2025-08-04T16:28:53.182034Z","level":"info","event":"2            Birendra School, Bhaktapur, Nepal  20  2025-08-04 21:00:00","chan":"stdout","logger":"task"}
{"timestamp":"2025-08-04T16:28:53.184269Z","level":"info","event":"3                             Dhangadhi, Nepal  15  2025-08-04 21:00:00","chan":"stdout","logger":"task"}
{"timestamp":"2025-08-04T16:28:53.185300Z","level":"info","event":"4                             Khumaltar, Nepal  10  2025-08-04 21:00:00","chan":"stdout","logger":"task"}
{"timestamp":"2025-08-04T16:28:53.186065Z","level":"info","event":"5                             Nepalgunj, Nepal  10  2025-08-04 21:00:00","chan":"stdout","logger":"task"}
{"timestamp":"2025-08-04T16:28:53.186794Z","level":"info","event":"6                              GBS, Pkr, Nepal   -  2025-07-09 16:00:00","chan":"stdout","logger":"task"}
{"timestamp":"2025-08-04T16:28:53.187458Z","level":"info","event":"7                       Bhaisipati, KTM, Nepal   -  2025-06-22 19:00:00","chan":"stdout","logger":"task"}
{"timestamp":"2025-08-04T16:28:53.188095Z","level":"info","event":"8                              Janakpur, Nepal   -  2025-04-14 19:46:00","chan":"stdout","logger":"task"}
{"timestamp":"2025-08-04T16:28:53.188970Z","level":"info","event":"9                              Dhankuta, Nepal   -  2025-03-15 02:00:00","chan":"stdout","logger":"task"}
{"timestamp":"2025-08-04T16:28:53.189542Z","level":"info","event":"10                     Dhulikhel, Kavre, Nepal   -  2025-03-12 09:00:00","chan":"stdout","logger":"task"}
{"timestamp":"2025-08-04T16:28:53.190077Z","level":"info","event":"11                US Embassy, Kathmandu, Nepal   -  2025-03-04 17:00:00","chan":"stdout","logger":"task"}
{"timestamp":"2025-08-04T16:28:53.190632Z","level":"info","event":"12  US Embassy, Phora Durbar, Kathmandu, Nepal   -  2025-03-04 16:00:00","chan":"stdout","logger":"task"}
{"timestamp":"2025-08-04T16:28:53.191296Z","level":"info","event":"13            Bhimdatta (Mahendranagar), Nepal   -  2024-12-14 21:00:00","chan":"stdout","logger":"task"}
{"timestamp":"2025-08-04T16:28:53.191872Z","level":"info","event":"14                          TU Kritipur, Nepal   -  2024-08-14 19:00:00","chan":"stdout","logger":"task"}
{"timestamp":"2025-08-04T16:28:53.192410Z","level":"info","event":"15                 Ratnapark, Kathmandu, Nepal   -  2024-04-30 15:00:00","chan":"stdout","logger":"task"}
{"timestamp":"2025-08-04T16:28:53.192939Z","level":"info","event":"16                      Jhumka, Sunsari, Nepal   -  2022-05-25 07:00:00","chan":"stdout","logger":"task"}
{"timestamp":"2025-08-04T16:28:53.193594Z","level":"info","event":"17                           Biratnagar, Nepal   -  2022-05-25 07:00:00","chan":"stdout","logger":"task"}
{"timestamp":"2025-08-04T16:28:53.194236Z","level":"info","event":"18                    Shankha Park, KTM, Nepal   -  2022-02-13 18:00:00","chan":"stdout","logger":"task"}
{"timestamp":"2025-08-04T16:28:53.194987Z","level":"info","event":"                                      cityname aqi                 time","chan":"stdout","logger":"task"}
{"timestamp":"2025-08-04T16:28:53.195782Z","level":"info","event":"0                            Shankapark, Nepal  79  2025-08-04 21:00:00","chan":"stdout","logger":"task"}
{"timestamp":"2025-08-04T16:28:53.196374Z","level":"info","event":"1                               Hetauda, Nepal  26  2025-08-04 21:00:00","chan":"stdout","logger":"task"}
{"timestamp":"2025-08-04T16:28:53.197003Z","level":"info","event":"2            Birendra School, Bhaktapur, Nepal  20  2025-08-04 21:00:00","chan":"stdout","logger":"task"}
{"timestamp":"2025-08-04T16:28:53.197698Z","level":"info","event":"3                             Dhangadhi, Nepal  15  2025-08-04 21:00:00","chan":"stdout","logger":"task"}
{"timestamp":"2025-08-04T16:28:53.198249Z","level":"info","event":"4                             Khumaltar, Nepal  10  2025-08-04 21:00:00","chan":"stdout","logger":"task"}
{"timestamp":"2025-08-04T16:28:53.198754Z","level":"info","event":"5                             Nepalgunj, Nepal  10  2025-08-04 21:00:00","chan":"stdout","logger":"task"}
{"timestamp":"2025-08-04T16:28:53.199237Z","level":"info","event":"6                              GBS, Pkr, Nepal   -  2025-07-09 16:00:00","chan":"stdout","logger":"task"}
{"timestamp":"2025-08-04T16:28:53.199808Z","level":"info","event":"7                       Bhaisipati, KTM, Nepal   -  2025-06-22 19:00:00","chan":"stdout","logger":"task"}
{"timestamp":"2025-08-04T16:28:53.200842Z","level":"info","event":"8                              Janakpur, Nepal   -  2025-04-14 19:46:00","chan":"stdout","logger":"task"}
{"timestamp":"2025-08-04T16:28:53.201668Z","level":"info","event":"9                              Dhankuta, Nepal   -  2025-03-15 02:00:00","chan":"stdout","logger":"task"}
{"timestamp":"2025-08-04T16:28:53.202317Z","level":"info","event":"10                     Dhulikhel, Kavre, Nepal   -  2025-03-12 09:00:00","chan":"stdout","logger":"task"}
{"timestamp":"2025-08-04T16:28:53.203158Z","level":"info","event":"11                US Embassy, Kathmandu, Nepal   -  2025-03-04 17:00:00","chan":"stdout","logger":"task"}
{"timestamp":"2025-08-04T16:28:53.203671Z","level":"info","event":"12  US Embassy, Phora Durbar, Kathmandu, Nepal   -  2025-03-04 16:00:00","chan":"stdout","logger":"task"}
{"timestamp":"2025-08-04T16:28:53.204064Z","level":"info","event":"13            Bhimdatta (Mahendranagar), Nepal   -  2024-12-14 21:00:00","chan":"stdout","logger":"task"}
{"timestamp":"2025-08-04T16:28:53.204602Z","level":"info","event":"14                          TU Kritipur, Nepal   -  2024-08-14 19:00:00","chan":"stdout","logger":"task"}
{"timestamp":"2025-08-04T16:28:53.205007Z","level":"info","event":"15                 Ratnapark, Kathmandu, Nepal   -  2024-04-30 15:00:00","chan":"stdout","logger":"task"}
{"timestamp":"2025-08-04T16:28:53.205422Z","level":"info","event":"16                      Jhumka, Sunsari, Nepal   -  2022-05-25 07:00:00","chan":"stdout","logger":"task"}
{"timestamp":"2025-08-04T16:28:53.205892Z","level":"info","event":"17                           Biratnagar, Nepal   -  2022-05-25 07:00:00","chan":"stdout","logger":"task"}
{"timestamp":"2025-08-04T16:28:53.206388Z","level":"info","event":"18                    Shankha Park, KTM, Nepal   -  2022-02-13 18:00:00","chan":"stdout","logger":"task"}
{"timestamp":"2025-08-04T16:28:53.207158Z","level":"info","event":"19         Gandaki Boarding School, PKR, Nepal   -  2022-02-13 18:00:00","chan":"stdout","logger":"task"}
{"timestamp":"2025-08-04T16:28:53.207645Z","level":"info","event":"                                      cityname aqi                 time","chan":"stdout","logger":"task"}
{"timestamp":"2025-08-04T16:28:53.208063Z","level":"info","event":"0                            Shankapark, Nepal  79  2025-08-04 21:00:00","chan":"stdout","logger":"task"}
{"timestamp":"2025-08-04T16:28:53.208407Z","level":"info","event":"1                               Hetauda, Nepal  26  2025-08-04 21:00:00","chan":"stdout","logger":"task"}
{"timestamp":"2025-08-04T16:28:53.208935Z","level":"info","event":"2            Birendra School, Bhaktapur, Nepal  20  2025-08-04 21:00:00","chan":"stdout","logger":"task"}
{"timestamp":"2025-08-04T16:28:53.209420Z","level":"info","event":"3                             Dhangadhi, Nepal  15  2025-08-04 21:00:00","chan":"stdout","logger":"task"}
{"timestamp":"2025-08-04T16:28:53.209829Z","level":"info","event":"4                             Khumaltar, Nepal  10  2025-08-04 21:00:00","chan":"stdout","logger":"task"}
{"timestamp":"2025-08-04T16:28:53.210271Z","level":"info","event":"5                             Nepalgunj, Nepal  10  2025-08-04 21:00:00","chan":"stdout","logger":"task"}
{"timestamp":"2025-08-04T16:28:53.210667Z","level":"info","event":"6                              GBS, Pkr, Nepal   -  2025-07-09 16:00:00","chan":"stdout","logger":"task"}
{"timestamp":"2025-08-04T16:28:53.211244Z","level":"info","event":"7                       Bhaisipati, KTM, Nepal   -  2025-06-22 19:00:00","chan":"stdout","logger":"task"}
{"timestamp":"2025-08-04T16:28:53.211830Z","level":"info","event":"8                              Janakpur, Nepal   -  2025-04-14 19:46:00","chan":"stdout","logger":"task"}
{"timestamp":"2025-08-04T16:28:53.212457Z","level":"info","event":"9                              Dhankuta, Nepal   -  2025-03-15 02:00:00","chan":"stdout","logger":"task"}
{"timestamp":"2025-08-04T16:28:53.213091Z","level":"info","event":"10                     Dhulikhel, Kavre, Nepal   -  2025-03-12 09:00:00","chan":"stdout","logger":"task"}
{"timestamp":"2025-08-04T16:28:53.213604Z","level":"info","event":"11                US Embassy, Kathmandu, Nepal   -  2025-03-04 17:00:00","chan":"stdout","logger":"task"}
{"timestamp":"2025-08-04T16:28:53.214958Z","level":"info","event":"12  US Embassy, Phora Durbar, Kathmandu, Nepal   -  2025-03-04 16:00:00","chan":"stdout","logger":"task"}
{"timestamp":"2025-08-04T16:28:53.216750Z","level":"info","event":"13            Bhimdatta (Mahendranagar), Nepal   -  2024-12-14 21:00:00","chan":"stdout","logger":"task"}
{"timestamp":"2025-08-04T16:28:53.219116Z","level":"info","event":"14                          TU Kritipur, Nepal   -  2024-08-14 19:00:00","chan":"stdout","logger":"task"}
{"timestamp":"2025-08-04T16:28:53.221282Z","level":"info","event":"15                 Ratnapark, Kathmandu, Nepal   -  2024-04-30 15:00:00","chan":"stdout","logger":"task"}
{"timestamp":"2025-08-04T16:28:53.222285Z","level":"info","event":"16                      Jhumka, Sunsari, Nepal   -  2022-05-25 07:00:00","chan":"stdout","logger":"task"}
{"timestamp":"2025-08-04T16:28:53.222895Z","level":"info","event":"17                           Biratnagar, Nepal   -  2022-05-25 07:00:00","chan":"stdout","logger":"task"}
{"timestamp":"2025-08-04T16:28:53.225097Z","level":"info","event":"18                    Shankha Park, KTM, Nepal   -  2022-02-13 18:00:00","chan":"stdout","logger":"task"}
{"timestamp":"2025-08-04T16:28:53.227030Z","level":"info","event":"19         Gandaki Boarding School, PKR, Nepal   -  2022-02-13 18:00:00","chan":"stdout","logger":"task"}
{"timestamp":"2025-08-04T16:28:53.228290Z","level":"info","event":"20                          DHM Pokhara, Nepal   -  2022-02-13 18:00:00","chan":"stdout","logger":"task"}
{"timestamp":"2025-08-04T16:28:53.228742Z","level":"info","event":"data loaded successfully","chan":"stdout","logger":"task"}
{"timestamp":"2025-08-04T16:28:53.229295Z","level":"info","event":"Data saved successfully.","chan":"stdout","logger":"task"}
{"timestamp":"2025-08-04T16:28:53.229776Z","level":"info","event":"Task instance in success state","chan":"stdout","logger":"task"}
{"timestamp":"2025-08-04T16:28:53.230258Z","level":"info","event":" Previous state of the Task instance: TaskInstanceState.RUNNING","chan":"stdout","logger":"task"}
{"timestamp":"2025-08-04T16:28:53.230916Z","level":"info","event":"Task operator:<Task(PythonOperator): load_aqi_data>","chan":"stdout","logger":"task"}
