{"timestamp":"2025-07-26T14:27:50.692077","level":"info","event":"DAG bundles loaded: dags-folder, example_dags","logger":"airflow.dag_processing.bundles.manager.DagBundlesManager"}
{"timestamp":"2025-07-26T14:27:50.696509","level":"info","event":"Filling up the DagBag from /opt/airflow/dags/test_dag.py","logger":"airflow.models.dagbag.DagBag"}
{"timestamp":"2025-07-26T14:27:51.679042Z","level":"info","event":"Shankapark, Nepal","chan":"stdout","logger":"task"}
{"timestamp":"2025-07-26T14:27:51.680186Z","level":"info","event":"Dhangadhi, Nepal","chan":"stdout","logger":"task"}
{"timestamp":"2025-07-26T14:27:51.681387Z","level":"info","event":"Hetauda, Nepal","chan":"stdout","logger":"task"}
{"timestamp":"2025-07-26T14:27:51.682387Z","level":"info","event":"Birendra School, Bhaktapur, Nepal","chan":"stdout","logger":"task"}
{"timestamp":"2025-07-26T14:27:51.683614Z","level":"info","event":"Khumaltar, Nepal","chan":"stdout","logger":"task"}
{"timestamp":"2025-07-26T14:27:51.684774Z","level":"info","event":"Nepalgunj, Nepal","chan":"stdout","logger":"task"}
{"timestamp":"2025-07-26T14:27:51.685979Z","level":"info","event":"GBS, Pkr, Nepal","chan":"stdout","logger":"task"}
{"timestamp":"2025-07-26T14:27:51.687648Z","level":"info","event":"Bhaisipati, KTM, Nepal","chan":"stdout","logger":"task"}
{"timestamp":"2025-07-26T14:27:51.688576Z","level":"info","event":"Janakpur, Nepal","chan":"stdout","logger":"task"}
{"timestamp":"2025-07-26T14:27:51.689337Z","level":"info","event":"Dhankuta, Nepal","chan":"stdout","logger":"task"}
{"timestamp":"2025-07-26T14:27:51.690143Z","level":"info","event":"Dhulikhel, Kavre, Nepal","chan":"stdout","logger":"task"}
{"timestamp":"2025-07-26T14:27:51.691039Z","level":"info","event":"US Embassy, Kathmandu, Nepal","chan":"stdout","logger":"task"}
{"timestamp":"2025-07-26T14:27:51.691639Z","level":"info","event":"US Embassy, Phora Durbar, Kathmandu, Nepal","chan":"stdout","logger":"task"}
{"timestamp":"2025-07-26T14:27:51.692499Z","level":"info","event":"Bhimdatta (Mahendranagar), Nepal","chan":"stdout","logger":"task"}
{"timestamp":"2025-07-26T14:27:51.693286Z","level":"info","event":"TU Kritipur, Nepal","chan":"stdout","logger":"task"}
{"timestamp":"2025-07-26T14:27:51.694029Z","level":"info","event":"Ratnapark, Kathmandu, Nepal","chan":"stdout","logger":"task"}
{"timestamp":"2025-07-26T14:27:51.694711Z","level":"info","event":"Jhumka, Sunsari, Nepal","chan":"stdout","logger":"task"}
{"timestamp":"2025-07-26T14:27:51.695747Z","level":"info","event":"Biratnagar, Nepal","chan":"stdout","logger":"task"}
{"timestamp":"2025-07-26T14:27:51.696723Z","level":"info","event":"Shankha Park, KTM, Nepal","chan":"stdout","logger":"task"}
{"timestamp":"2025-07-26T14:27:51.697615Z","level":"info","event":"Gandaki Boarding School, PKR, Nepal","chan":"stdout","logger":"task"}
{"timestamp":"2025-07-26T14:27:51.698610Z","level":"info","event":"DHM Pokhara, Nepal","chan":"stdout","logger":"task"}
{"timestamp":"2025-07-26T14:27:51.817972Z","level":"info","event":"Task instance is in running state","chan":"stdout","logger":"task"}
{"timestamp":"2025-07-26T14:27:51.819598Z","level":"info","event":" Previous state of the Task instance: TaskInstanceState.QUEUED","chan":"stdout","logger":"task"}
{"timestamp":"2025-07-26T14:27:51.820374Z","level":"info","event":"Current task name:load_aqi_data","chan":"stdout","logger":"task"}
{"timestamp":"2025-07-26T14:27:51.821142Z","level":"info","event":"Dag name:aqi_data_dag","chan":"stdout","logger":"task"}
{"timestamp":"2025-07-26T14:27:52.532060Z","level":"info","event":"Shankapark, Nepal","chan":"stdout","logger":"task"}
{"timestamp":"2025-07-26T14:27:52.534862Z","level":"info","event":"Dhangadhi, Nepal","chan":"stdout","logger":"task"}
{"timestamp":"2025-07-26T14:27:52.535904Z","level":"info","event":"Hetauda, Nepal","chan":"stdout","logger":"task"}
{"timestamp":"2025-07-26T14:27:52.536986Z","level":"info","event":"Birendra School, Bhaktapur, Nepal","chan":"stdout","logger":"task"}
{"timestamp":"2025-07-26T14:27:52.537742Z","level":"info","event":"Khumaltar, Nepal","chan":"stdout","logger":"task"}
{"timestamp":"2025-07-26T14:27:52.538559Z","level":"info","event":"Nepalgunj, Nepal","chan":"stdout","logger":"task"}
{"timestamp":"2025-07-26T14:27:52.539255Z","level":"info","event":"GBS, Pkr, Nepal","chan":"stdout","logger":"task"}
{"timestamp":"2025-07-26T14:27:52.540013Z","level":"info","event":"Bhaisipati, KTM, Nepal","chan":"stdout","logger":"task"}
{"timestamp":"2025-07-26T14:27:52.540666Z","level":"info","event":"Janakpur, Nepal","chan":"stdout","logger":"task"}
{"timestamp":"2025-07-26T14:27:52.541499Z","level":"info","event":"Dhankuta, Nepal","chan":"stdout","logger":"task"}
{"timestamp":"2025-07-26T14:27:52.542699Z","level":"info","event":"Dhulikhel, Kavre, Nepal","chan":"stdout","logger":"task"}
{"timestamp":"2025-07-26T14:27:52.543651Z","level":"info","event":"US Embassy, Kathmandu, Nepal","chan":"stdout","logger":"task"}
{"timestamp":"2025-07-26T14:27:52.544723Z","level":"info","event":"US Embassy, Phora Durbar, Kathmandu, Nepal","chan":"stdout","logger":"task"}
{"timestamp":"2025-07-26T14:27:52.545304Z","level":"info","event":"Bhimdatta (Mahendranagar), Nepal","chan":"stdout","logger":"task"}
{"timestamp":"2025-07-26T14:27:52.545673Z","level":"info","event":"TU Kritipur, Nepal","chan":"stdout","logger":"task"}
{"timestamp":"2025-07-26T14:27:52.546277Z","level":"info","event":"Ratnapark, Kathmandu, Nepal","chan":"stdout","logger":"task"}
{"timestamp":"2025-07-26T14:27:52.546738Z","level":"info","event":"Jhumka, Sunsari, Nepal","chan":"stdout","logger":"task"}
{"timestamp":"2025-07-26T14:27:52.547175Z","level":"info","event":"Biratnagar, Nepal","chan":"stdout","logger":"task"}
{"timestamp":"2025-07-26T14:27:52.547666Z","level":"info","event":"Shankha Park, KTM, Nepal","chan":"stdout","logger":"task"}
{"timestamp":"2025-07-26T14:27:52.548196Z","level":"info","event":"Gandaki Boarding School, PKR, Nepal","chan":"stdout","logger":"task"}
{"timestamp":"2025-07-26T14:27:52.548749Z","level":"info","event":"DHM Pokhara, Nepal","chan":"stdout","logger":"task"}
{"timestamp":"2025-07-26T14:27:52.533923","level":"info","event":"Done. Returned value was: None","logger":"airflow.task.operators.airflow.providers.standard.operators.python.PythonOperator"}
{"timestamp":"2025-07-26T14:27:52.612180Z","level":"info","event":"Task instance in success state","chan":"stdout","logger":"task"}
{"timestamp":"2025-07-26T14:27:52.614051Z","level":"info","event":" Previous state of the Task instance: TaskInstanceState.RUNNING","chan":"stdout","logger":"task"}
{"timestamp":"2025-07-26T14:27:52.614943Z","level":"info","event":"Task operator:<Task(PythonOperator): load_aqi_data>","chan":"stdout","logger":"task"}
